Archive member included to satisfy reference by file (symbol)

c:/program files (x86)/atmel/studio/7.0/toolchain/avr8/avr8-gnu-toolchain/bin/../lib/gcc/avr/5.4.0/../../../../avr/lib/avrxmega6\libm.a(addsf3.o)
                              NHD0420Driver.o (__subsf3)
c:/program files (x86)/atmel/studio/7.0/toolchain/avr8/avr8-gnu-toolchain/bin/../lib/gcc/avr/5.4.0/../../../../avr/lib/avrxmega6\libm.a(addsf3x.o)
                              c:/program files (x86)/atmel/studio/7.0/toolchain/avr8/avr8-gnu-toolchain/bin/../lib/gcc/avr/5.4.0/../../../../avr/lib/avrxmega6\libm.a(addsf3.o) (__addsf3x)
c:/program files (x86)/atmel/studio/7.0/toolchain/avr8/avr8-gnu-toolchain/bin/../lib/gcc/avr/5.4.0/../../../../avr/lib/avrxmega6\libm.a(cmpsf2.o)
                              NHD0420Driver.o (__eqsf2)
c:/program files (x86)/atmel/studio/7.0/toolchain/avr8/avr8-gnu-toolchain/bin/../lib/gcc/avr/5.4.0/../../../../avr/lib/avrxmega6\libm.a(divsf3.o)
                              NHD0420Driver.o (__divsf3)
c:/program files (x86)/atmel/studio/7.0/toolchain/avr8/avr8-gnu-toolchain/bin/../lib/gcc/avr/5.4.0/../../../../avr/lib/avrxmega6\libm.a(divsf3x.o)
                              c:/program files (x86)/atmel/studio/7.0/toolchain/avr8/avr8-gnu-toolchain/bin/../lib/gcc/avr/5.4.0/../../../../avr/lib/avrxmega6\libm.a(divsf3.o) (__divsf3x)
c:/program files (x86)/atmel/studio/7.0/toolchain/avr8/avr8-gnu-toolchain/bin/../lib/gcc/avr/5.4.0/../../../../avr/lib/avrxmega6\libm.a(fixsfsi.o)
                              NHD0420Driver.o (__fixsfsi)
c:/program files (x86)/atmel/studio/7.0/toolchain/avr8/avr8-gnu-toolchain/bin/../lib/gcc/avr/5.4.0/../../../../avr/lib/avrxmega6\libm.a(fixunssfsi.o)
                              c:/program files (x86)/atmel/studio/7.0/toolchain/avr8/avr8-gnu-toolchain/bin/../lib/gcc/avr/5.4.0/../../../../avr/lib/avrxmega6\libm.a(fixsfsi.o) (__fixunssfsi)
c:/program files (x86)/atmel/studio/7.0/toolchain/avr8/avr8-gnu-toolchain/bin/../lib/gcc/avr/5.4.0/../../../../avr/lib/avrxmega6\libm.a(floatsisf.o)
                              NHD0420Driver.o (__floatsisf)
c:/program files (x86)/atmel/studio/7.0/toolchain/avr8/avr8-gnu-toolchain/bin/../lib/gcc/avr/5.4.0/../../../../avr/lib/avrxmega6\libm.a(fp_cmp.o)
                              c:/program files (x86)/atmel/studio/7.0/toolchain/avr8/avr8-gnu-toolchain/bin/../lib/gcc/avr/5.4.0/../../../../avr/lib/avrxmega6\libm.a(cmpsf2.o) (__fp_cmp)
c:/program files (x86)/atmel/studio/7.0/toolchain/avr8/avr8-gnu-toolchain/bin/../lib/gcc/avr/5.4.0/../../../../avr/lib/avrxmega6\libm.a(fp_inf.o)
                              c:/program files (x86)/atmel/studio/7.0/toolchain/avr8/avr8-gnu-toolchain/bin/../lib/gcc/avr/5.4.0/../../../../avr/lib/avrxmega6\libm.a(addsf3x.o) (__fp_inf)
c:/program files (x86)/atmel/studio/7.0/toolchain/avr8/avr8-gnu-toolchain/bin/../lib/gcc/avr/5.4.0/../../../../avr/lib/avrxmega6\libm.a(fp_nan.o)
                              c:/program files (x86)/atmel/studio/7.0/toolchain/avr8/avr8-gnu-toolchain/bin/../lib/gcc/avr/5.4.0/../../../../avr/lib/avrxmega6\libm.a(addsf3x.o) (__fp_nan)
c:/program files (x86)/atmel/studio/7.0/toolchain/avr8/avr8-gnu-toolchain/bin/../lib/gcc/avr/5.4.0/../../../../avr/lib/avrxmega6\libm.a(fp_pscA.o)
                              c:/program files (x86)/atmel/studio/7.0/toolchain/avr8/avr8-gnu-toolchain/bin/../lib/gcc/avr/5.4.0/../../../../avr/lib/avrxmega6\libm.a(addsf3x.o) (__fp_pscA)
c:/program files (x86)/atmel/studio/7.0/toolchain/avr8/avr8-gnu-toolchain/bin/../lib/gcc/avr/5.4.0/../../../../avr/lib/avrxmega6\libm.a(fp_pscB.o)
                              c:/program files (x86)/atmel/studio/7.0/toolchain/avr8/avr8-gnu-toolchain/bin/../lib/gcc/avr/5.4.0/../../../../avr/lib/avrxmega6\libm.a(addsf3x.o) (__fp_pscB)
c:/program files (x86)/atmel/studio/7.0/toolchain/avr8/avr8-gnu-toolchain/bin/../lib/gcc/avr/5.4.0/../../../../avr/lib/avrxmega6\libm.a(fp_round.o)
                              c:/program files (x86)/atmel/studio/7.0/toolchain/avr8/avr8-gnu-toolchain/bin/../lib/gcc/avr/5.4.0/../../../../avr/lib/avrxmega6\libm.a(addsf3.o) (__fp_round)
c:/program files (x86)/atmel/studio/7.0/toolchain/avr8/avr8-gnu-toolchain/bin/../lib/gcc/avr/5.4.0/../../../../avr/lib/avrxmega6\libm.a(fp_split3.o)
                              c:/program files (x86)/atmel/studio/7.0/toolchain/avr8/avr8-gnu-toolchain/bin/../lib/gcc/avr/5.4.0/../../../../avr/lib/avrxmega6\libm.a(addsf3x.o) (__fp_split3)
c:/program files (x86)/atmel/studio/7.0/toolchain/avr8/avr8-gnu-toolchain/bin/../lib/gcc/avr/5.4.0/../../../../avr/lib/avrxmega6\libm.a(fp_zero.o)
                              c:/program files (x86)/atmel/studio/7.0/toolchain/avr8/avr8-gnu-toolchain/bin/../lib/gcc/avr/5.4.0/../../../../avr/lib/avrxmega6\libm.a(addsf3x.o) (__fp_zero)
c:/program files (x86)/atmel/studio/7.0/toolchain/avr8/avr8-gnu-toolchain/bin/../lib/gcc/avr/5.4.0/../../../../avr/lib/avrxmega6\libm.a(gesf2.o)
                              NHD0420Driver.o (__gesf2)
[...]
Memory Configuration

Name             Origin             Length             Attributes
text             0x00000000         0x00100000         xr
data             0x00802000         0x0000ffa0         rw !x
eeprom           0x00810000         0x00010000         rw !x
fuse             0x00820000         0x00000006         rw !x
lock             0x00830000         0x00000400         rw !x
signature        0x00840000         0x00000400         rw !x
user_signatures  0x00850000         0x00000400         rw !x
*default*        0x00000000         0xffffffff

Linker script and memory map

LOAD C:/Program Files (x86)/Atmel/Studio/7.0/Packs/Atmel/XMEGAA_DFP/1.1.68/gcc/dev/atxmega128a3u/avrxmega6/crtatxmega128a3u.o
LOAD driver/clksys_driver.o
LOAD driver/pmic_driver.o
LOAD driver/port_driver.o
LOAD driver/TC_driver.o
LOAD errorHandler.o
LOAD FreeRTOS/croutine.o
LOAD FreeRTOS/event_groups.o
LOAD FreeRTOS/heap_1.o
LOAD FreeRTOS/list.o
LOAD FreeRTOS/port.o
LOAD FreeRTOS/queue.o
LOAD FreeRTOS/stream_buffer.o
LOAD FreeRTOS/tasks.o
LOAD FreeRTOS/timers.o
LOAD init.o
LOAD main.o
LOAD mem_check.o
LOAD NHD0420Driver.o
LOAD protocolhandler.o
LOAD utils.o
START GROUP
LOAD c:/program files (x86)/atmel/studio/7.0/toolchain/avr8/avr8-gnu-toolchain/bin/../lib/gcc/avr/5.4.0/../../../../avr/lib/avrxmega6\libm.a
END GROUP
START GROUP
LOAD c:/program files (x86)/atmel/studio/7.0/toolchain/avr8/avr8-gnu-toolchain/bin/../lib/gcc/avr/5.4.0/avrxmega6\libgcc.a
LOAD c:/program files (x86)/atmel/studio/7.0/toolchain/avr8/avr8-gnu-toolchain/bin/../lib/gcc/avr/5.4.0/../../../../avr/lib/avrxmega6\libm.a
LOAD c:/program files (x86)/atmel/studio/7.0/toolchain/avr8/avr8-gnu-toolchain/bin/../lib/gcc/avr/5.4.0/../../../../avr/lib/avrxmega6\libc.a
LOAD C:/Program Files (x86)/Atmel/Studio/7.0/Packs/Atmel/XMEGAA_DFP/1.1.68/gcc/dev/atxmega128a3u/avrxmega6\libatxmega128a3u.a
END GROUP
                0x00100000                __TEXT_REGION_LENGTH__ = DEFINED (__TEXT_REGION_LENGTH__)?__TEXT_REGION_LENGTH__:0x100000
                0x0000ffa0                __DATA_REGION_LENGTH__ = DEFINED (__DATA_REGION_LENGTH__)?__DATA_REGION_LENGTH__:0xffa0
                0x00010000                __EEPROM_REGION_LENGTH__ = DEFINED (__EEPROM_REGION_LENGTH__)?__EEPROM_REGION_LENGTH__:0x10000
                [0x00000006]                __FUSE_REGION_LENGTH__ = DEFINED (__FUSE_REGION_LENGTH__)?__FUSE_REGION_LENGTH__:0x400
                0x00000400                __LOCK_REGION_LENGTH__ = DEFINED (__LOCK_REGION_LENGTH__)?__LOCK_REGION_LENGTH__:0x400
                0x00000400                __SIGNATURE_REGION_LENGTH__ = DEFINED (__SIGNATURE_REGION_LENGTH__)?__SIGNATURE_REGION_LENGTH__:0x400
                0x00000400                __USER_SIGNATURE_REGION_LENGTH__ = DEFINED (__USER_SIGNATURE_REGION_LENGTH__)?__USER_SIGNATURE_REGION_LENGTH__:0x400

.hash
 *(.hash)

.dynsym
 *(.dynsym)

.dynstr
 *(.dynstr)

.gnu.version
 *(.gnu.version)

.gnu.version_d
 *(.gnu.version_d)

.gnu.version_r
 *(.gnu.version_r)

.rel.init
 *(.rel.init)

.rela.init
 *(.rela.init)

.rel.text
 *(.rel.text)
 *(.rel.text.*)
 *(.rel.gnu.linkonce.t*)

.rela.text
 *(.rela.text)
 *(.rela.text.*)
 *(.rela.gnu.linkonce.t*)

.rel.fini
 *(.rel.fini)

.rela.fini
 *(.rela.fini)

.rel.rodata
 *(.rel.rodata)
 *(.rel.rodata.*)
 *(.rel.gnu.linkonce.r*)

.rela.rodata
 *(.rela.rodata)
 *(.rela.rodata.*)
 *(.rela.gnu.linkonce.r*)

.rel.data
 *(.rel.data)
 *(.rel.data.*)
 *(.rel.gnu.linkonce.d*)

.rela.data
 *(.rela.data)
 *(.rela.data.*)
 *(.rela.gnu.linkonce.d*)

.rel.ctors
 *(.rel.ctors)

.rela.ctors
 *(.rela.ctors)

.rel.dtors
 *(.rel.dtors)

.rela.dtors
 *(.rela.dtors)

.rel.got
 *(.rel.got)

.rela.got
 *(.rela.got)

.rel.bss
 *(.rel.bss)

.rela.bss
 *(.rela.bss)

.rel.plt
 *(.rel.plt)

.rela.plt
 *(.rela.plt)

.text           0x00000000     0x5838
 *(.vectors)
 .vectors       0x00000000      0x1fc C:/Program Files (x86)/Atmel/Studio/7.0/Packs/Atmel/XMEGAA_DFP/1.1.68/gcc/dev/atxmega128a3u/avrxmega6/crtatxmega128a3u.o
                0x00000000                __vector_default
                0x00000000                __vectors
 *(.vectors)
 *(.progmem.gcc*)
 .progmem.gcc_sw_table.prvProcessReceivedCommands
                0x000001fc       0x14 FreeRTOS/timers.o
                0x00000210                . = ALIGN (0x2)
                0x00000210                __trampolines_start = .
 *(.trampolines)
 .trampolines   0x00000210       0x24 linker stubs
 *(.trampolines*)
                0x00000234                __trampolines_end = .
 *libprintf_flt.a:*(.progmem.data)
 *libc.a:*(.progmem.data)
 *(.progmem*)
                0x00000234                . = ALIGN (0x2)
 *(.jumptables)
 *(.jumptables*)
 *(.lowtext)
 *(.lowtext*)
                0x00000234                __ctors_start = .
 *(.ctors)
                0x00000234                __ctors_end = .
                0x00000234                __dtors_start = .
 *(.dtors)
                0x00000234                __dtors_end = .
 SORT(*)(.ctors)
 SORT(*)(.dtors)
 *(.init0)
 .init0         0x00000234        0x0 C:/Program Files (x86)/Atmel/Studio/7.0/Packs/Atmel/XMEGAA_DFP/1.1.68/gcc/dev/atxmega128a3u/avrxmega6/crtatxmega128a3u.o
                0x00000234                __init
 *(.init0)
 *(.init1)
 *(.init1)
 *(.init2)
 .init2         0x00000234       0x10 C:/Program Files (x86)/Atmel/Studio/7.0/Packs/Atmel/XMEGAA_DFP/1.1.68/gcc/dev/atxmega128a3u/avrxmega6/crtatxmega128a3u.o
 *(.init2)
 *(.init3)
 .init3         0x00000244       0x12 mem_check.o
                0x00000244                init_mem
 *(.init3)
 *(.init4)
 .init4         0x00000256       0x1a c:/program files (x86)/atmel/studio/7.0/toolchain/avr8/avr8-gnu-toolchain/bin/../lib/gcc/avr/5.4.0/avrxmega6\libgcc.a(_copy_data.o)
                0x00000256                __do_copy_data
 .init4         0x00000270       0x10 c:/program files (x86)/atmel/studio/7.0/toolchain/avr8/avr8-gnu-toolchain/bin/../lib/gcc/avr/5.4.0/avrxmega6\libgcc.a(_clear_bss.o)
                0x00000270                __do_clear_bss
 *(.init4)
 *(.init5)
 *(.init5)
 *(.init6)
 *(.init6)
 *(.init7)
 *(.init7)
 *(.init8)
 *(.init8)
 *(.init9)
 .init9         0x00000280        0x8 C:/Program Files (x86)/Atmel/Studio/7.0/Packs/Atmel/XMEGAA_DFP/1.1.68/gcc/dev/atxmega128a3u/avrxmega6/crtatxmega128a3u.o
 *(.init9)
 *(.text)
 .text          0x00000288        0x4 C:/Program Files (x86)/Atmel/Studio/7.0/Packs/Atmel/XMEGAA_DFP/1.1.68/gcc/dev/atxmega128a3u/avrxmega6/crtatxmega128a3u.o
                0x00000288                __vector_38
                0x00000288                __vector_104
                0x00000288                __vector_22
                0x00000288                __vector_63
                0x00000288                __vector_28
                0x00000288                __vector_67
                0x00000288                __vector_1
                0x00000288                __vector_119
                0x00000288                __vector_32
                0x00000288                __vector_75
                0x00000288                __vector_71
                0x00000288                __vector_91
                0x00000288                __vector_34
                0x00000288                __vector_62
                0x00000288                __vector_77
                0x00000288                __vector_102
                0x00000288                __vector_24
                0x00000288                __vector_12
                0x00000288                __vector_55
                0x00000288                __vector_69
                0x00000288                __vector_81
                0x00000288                __vector_90
                0x00000288                __vector_46
                0x00000288                __bad_interrupt
                0x00000288                __vector_122
                0x00000288                __vector_72
                0x00000288                __vector_114
                0x00000288                __vector_6
                0x00000288                __vector_110
                0x00000288                __vector_31
                0x00000288                __vector_92
                0x00000288                __vector_35
                0x00000288                __vector_78
                0x00000288                __vector_74
                0x00000288                __vector_117
                0x00000288                __vector_39
                0x00000288                __vector_107
                0x00000288                __vector_3
                0x00000288                __vector_105
                0x00000288                __vector_98
                0x00000288                __vector_23
                0x00000288                __vector_68
                0x00000288                __vector_30
                0x00000288                __vector_73
                0x00000288                __vector_45
                0x00000288                __vector_25
                0x00000288                __vector_93
                0x00000288                __vector_61
                0x00000288                __vector_11
                0x00000288                __vector_54
                0x00000288                __vector_99
                0x00000288                __vector_13
                0x00000288                __vector_17
                0x00000288                __vector_19
                0x00000288                __vector_56
                0x00000288                __vector_7
                0x00000288                __vector_125
                0x00000288                __vector_49
                0x00000288                __vector_123
                0x00000288                __vector_41
                0x00000288                __vector_86
                0x00000288                __vector_100
                0x00000288                __vector_101
                0x00000288                __vector_64
                0x00000288                __vector_88
                0x00000288                __vector_109
                0x00000288                __vector_43
                0x00000288                __vector_27
                0x00000288                __vector_5
                0x00000288                __vector_113
                0x00000288                __vector_33
                0x00000288                __vector_76
                0x00000288                __vector_115
                0x00000288                __vector_47
                0x00000288                __vector_52
                0x00000288                __vector_37
                0x00000288                __vector_95
                0x00000288                __vector_103
                0x00000288                __vector_96
                0x00000288                __vector_89
                0x00000288                __vector_4
                0x00000288                __vector_44
                0x00000288                __vector_82
                0x00000288                __vector_106
                0x00000288                __vector_118
                0x00000288                __vector_51
                0x00000288                __vector_9
                0x00000288                __vector_2
                0x00000288                __vector_21
                0x00000288                __vector_15
                0x00000288                __vector_66
                0x00000288                __vector_36
                0x00000288                __vector_79
                0x00000288                __vector_58
                0x00000288                __vector_70
                0x00000288                __vector_83
                0x00000288                __vector_29
                0x00000288                __vector_60
                0x00000288                __vector_121
                0x00000288                __vector_40
                0x00000288                __vector_85
                0x00000288                __vector_94
                0x00000288                __vector_126
                0x00000288                __vector_8
                0x00000288                __vector_26
                0x00000288                __vector_48
                0x00000288                __vector_124
                0x00000288                __vector_116
                0x00000288                __vector_112
                0x00000288                __vector_111
                0x00000288                __vector_80
                0x00000288                __vector_84
                0x00000288                __vector_57
                0x00000288                __vector_53
                0x00000288                __vector_10
                0x00000288                __vector_50
                0x00000288                __vector_16
                0x00000288                __vector_59
                0x00000288                __vector_18
                0x00000288                __vector_97
                0x00000288                __vector_20
                0x00000288                __vector_42
                0x00000288                __vector_87
                0x00000288                __vector_65
                0x00000288                __vector_120
                0x0000028c                . = ALIGN (0x2)
 *(.text.*)
 .text.CCPWrite
                0x0000028c       0x58 driver/clksys_driver.o
                0x0000028c                CCPWrite
 .text.CLKSYS_XOSC_Config
                0x000002e4       0x3a driver/clksys_driver.o
                0x000002e4                CLKSYS_XOSC_Config
 .text.CLKSYS_PLL_Config
                0x0000031e       0x30 driver/clksys_driver.o
                0x0000031e                CLKSYS_PLL_Config
 .text.CLKSYS_Disable
                0x0000034e       0x40 driver/clksys_driver.o
                0x0000034e                CLKSYS_Disable
 .text.CLKSYS_Prescalers_Config
                0x0000038e       0x2e driver/clksys_driver.o
                0x0000038e                CLKSYS_Prescalers_Config
 .text.CLKSYS_Main_ClockSource_Select
                0x000003bc       0x44 driver/clksys_driver.o
                0x000003bc                CLKSYS_Main_ClockSource_Select
 .text.TC0_ConfigClockSource
                0x00000400       0x38 driver/TC_driver.o
                0x00000400                TC0_ConfigClockSource
 .text.TC0_ConfigWGM
                0x00000438       0x38 driver/TC_driver.o
                0x00000438                TC0_ConfigWGM
 .text.TC0_SetOverflowIntLevel
                0x00000470       0x38 driver/TC_driver.o
                0x00000470                TC0_SetOverflowIntLevel
 .text.vApplicationStackOverflowHook
                0x000004a8       0x28 errorHandler.o
                0x000004a8                vApplicationStackOverflowHook
 .text.error    0x000004d0       0x46 errorHandler.o
                0x000004d0                error
 .text.software_reset
                0x00000516       0x26 errorHandler.o
                0x00000516                software_reset
 .text.xEventGroupCreate
                0x0000053c       0x46 FreeRTOS/event_groups.o
                0x0000053c                xEventGroupCreate
 .text.xEventGroupWaitBits
                0x00000582      0x270 FreeRTOS/event_groups.o
                0x00000582                xEventGroupWaitBits
 .text.xEventGroupClearBits
                0x000007f2       0x96 FreeRTOS/event_groups.o
                0x000007f2                xEventGroupClearBits
 .text.xEventGroupSetBits
                0x00000888      0x210 FreeRTOS/event_groups.o
                0x00000888                xEventGroupSetBits
 .text.vEventGroupSetBitsCallback
                0x00000a98       0x3c FreeRTOS/event_groups.o
                0x00000a98                vEventGroupSetBitsCallback
 .text.prvTestWaitCondition
                0x00000ad4       0x8e FreeRTOS/event_groups.o
 .text.xEventGroupSetBitsFromISR
                0x00000b62       0x54 FreeRTOS/event_groups.o
                0x00000b62                xEventGroupSetBitsFromISR
 .text.pvPortMalloc
                0x00000bb6       0x88 FreeRTOS/heap_1.o
                0x00000bb6                pvPortMalloc
 .text.vPortFree
                0x00000c3e       0x1c FreeRTOS/heap_1.o
                0x00000c3e                vPortFree
 .text.vListInitialise
                0x00000c5a       0x74 FreeRTOS/list.o
                0x00000c5a                vListInitialise
 .text.vListInitialiseItem
                0x00000cce       0x26 FreeRTOS/list.o
                0x00000cce                vListInitialiseItem
 .text.vListInsertEnd
                0x00000cf4       0x96 FreeRTOS/list.o
                0x00000cf4                vListInsertEnd
 .text.vListInsert
                0x00000d8a      0x102 FreeRTOS/list.o
                0x00000d8a                vListInsert
 .text.uxListRemove
                0x00000e8c       0xac FreeRTOS/list.o
                0x00000e8c                uxListRemove
 .text._portSetInterruptMaskFromIsr
                0x00000f38       0x2e FreeRTOS/port.o
                0x00000f38                _portSetInterruptMaskFromIsr
 .text.pxPortInitialiseStack
                0x00000f66      0x3b2 FreeRTOS/port.o
                0x00000f66                pxPortInitialiseStack
 .text.xPortStartScheduler
                0x00001318       0x70 FreeRTOS/port.o
                0x00001318                xPortStartScheduler
 .text.vPortYield
                0x00001388       0xc4 FreeRTOS/port.o
                0x00001388                vPortYield
 .text.portTaskSwitchContext
                0x0000144c       0x6a FreeRTOS/port.o
                0x0000144c                portTaskSwitchContext
 .text.portTaskIncrementTick
                0x000014b6       0x26 FreeRTOS/port.o
 .text.__vector_14
                0x000014dc       0xca FreeRTOS/port.o
                0x000014dc                __vector_14
 .text.prvSetupTimerInterrupt
                0x000015a6       0x82 FreeRTOS/port.o
 .text.xQueueGenericReset
                0x00001628      0x12c FreeRTOS/queue.o
                0x00001628                xQueueGenericReset
 .text.xQueueGenericCreate
                0x00001754       0x8c FreeRTOS/queue.o
                0x00001754                xQueueGenericCreate
 .text.prvInitialiseNewQueue
                0x000017e0       0x7e FreeRTOS/queue.o
 .text.xQueueGenericSend
                0x0000185e      0x184 FreeRTOS/queue.o
                0x0000185e                xQueueGenericSend
 .text.xQueueGenericSendFromISR
                0x000019e2       0xc0 FreeRTOS/queue.o
                0x000019e2                xQueueGenericSendFromISR
 .text.xQueueReceive
                0x00001aa2      0x180 FreeRTOS/queue.o
                0x00001aa2                xQueueReceive
 .text.uxQueueMessagesWaiting
                0x00001c22       0x38 FreeRTOS/queue.o
                0x00001c22                uxQueueMessagesWaiting
 .text.prvCopyDataToQueue
                0x00001c5a      0x16a FreeRTOS/queue.o
 .text.prvCopyDataFromQueue
                0x00001dc4       0xa0 FreeRTOS/queue.o
 .text.prvUnlockQueue
                0x00001e64       0xca FreeRTOS/queue.o
 .text.prvIsQueueEmpty
                0x00001f2e       0x42 FreeRTOS/queue.o
 .text.prvIsQueueFull
                0x00001f70       0x4a FreeRTOS/queue.o
 .text.vQueueWaitForMessageRestricted
                0x00001fba       0x9c FreeRTOS/queue.o
                0x00001fba                vQueueWaitForMessageRestricted
 .text.xTaskCreate
                0x00002056       0xee FreeRTOS/tasks.o
                0x00002056                xTaskCreate
 .text.prvInitialiseNewTask
                0x00002144      0x1ac FreeRTOS/tasks.o
 .text.prvAddNewTaskToReadyList
                0x000022f0      0x10c FreeRTOS/tasks.o
 .text.vTaskDelay
                0x000023fc       0x5c FreeRTOS/tasks.o
                0x000023fc                vTaskDelay
 .text.vTaskStartScheduler
                0x00002458       0x98 FreeRTOS/tasks.o
                0x00002458                vTaskStartScheduler
 .text.vTaskSuspendAll
                0x000024f0       0x1a FreeRTOS/tasks.o
                0x000024f0                vTaskSuspendAll
 .text.xTaskResumeAll
                0x0000250a      0x12e FreeRTOS/tasks.o
                0x0000250a                xTaskResumeAll
 .text.xTaskGetTickCount
                0x00002638       0x4e FreeRTOS/tasks.o
                0x00002638                xTaskGetTickCount
 .text.xTaskIncrementTick
                0x00002686      0x220 FreeRTOS/tasks.o
                0x00002686                xTaskIncrementTick
 .text.vTaskSwitchContext
                0x000028a6      0x1a0 FreeRTOS/tasks.o
                0x000028a6                vTaskSwitchContext
 .text.vTaskPlaceOnEventList
                0x00002a46       0x50 FreeRTOS/tasks.o
                0x00002a46                vTaskPlaceOnEventList
 .text.vTaskPlaceOnUnorderedEventList
                0x00002a96       0x7e FreeRTOS/tasks.o
                0x00002a96                vTaskPlaceOnUnorderedEventList
 .text.vTaskPlaceOnEventListRestricted
                0x00002b14       0x68 FreeRTOS/tasks.o
                0x00002b14                vTaskPlaceOnEventListRestricted
 .text.xTaskRemoveFromEventList
                0x00002b7c       0xd0 FreeRTOS/tasks.o
                0x00002b7c                xTaskRemoveFromEventList
 .text.vTaskRemoveFromUnorderedEventList
                0x00002c4c       0xc6 FreeRTOS/tasks.o
                0x00002c4c                vTaskRemoveFromUnorderedEventList
 .text.vTaskInternalSetTimeOutState
                0x00002d12       0x46 FreeRTOS/tasks.o
                0x00002d12                vTaskInternalSetTimeOutState
 .text.xTaskCheckForTimeOut
                0x00002d58      0x150 FreeRTOS/tasks.o
                0x00002d58                xTaskCheckForTimeOut
 .text.vTaskMissedYield
                0x00002ea8       0x16 FreeRTOS/tasks.o
                0x00002ea8                vTaskMissedYield
 .text.prvIdleTask
                0x00002ebe       0x26 FreeRTOS/tasks.o
 .text.prvInitialiseTaskLists
                0x00002ee4       0x76 FreeRTOS/tasks.o
 .text.prvCheckTasksWaitingTermination
                0x00002f5a       0x10 FreeRTOS/tasks.o
 .text.prvResetNextTaskUnblockTime
                0x00002f6a       0x76 FreeRTOS/tasks.o
 .text.xTaskGetSchedulerState
                0x00002fe0       0x32 FreeRTOS/tasks.o
                0x00002fe0                xTaskGetSchedulerState
 .text.uxTaskResetEventItemValue
                0x00003012       0x8c FreeRTOS/tasks.o
                0x00003012                uxTaskResetEventItemValue
 .text.prvAddCurrentTaskToDelayedList
                0x0000309e      0x142 FreeRTOS/tasks.o
 .text.xTimerCreateTimerTask
                0x000031e0       0x56 FreeRTOS/timers.o
                0x000031e0                xTimerCreateTimerTask
 .text.xTimerGenericCommand
                0x00003236       0xe6 FreeRTOS/timers.o
                0x00003236                xTimerGenericCommand
 .text.prvProcessExpiredTimer
                0x0000331c       0xf0 FreeRTOS/timers.o
 .text.prvTimerTask
                0x0000340c       0x40 FreeRTOS/timers.o
 .text.prvProcessTimerOrBlockTask
                0x0000344c       0xf6 FreeRTOS/timers.o
 .text.prvGetNextExpireTime
                0x00003542       0x7c FreeRTOS/timers.o
 .text.prvSampleTimeNow
                0x000035be       0x8a FreeRTOS/timers.o
 .text.prvInsertTimerInActiveList
                0x00003648      0x132 FreeRTOS/timers.o
 .text.prvProcessReceivedCommands
                0x0000377a      0x214 FreeRTOS/timers.o
 .text.prvSwitchTimerLists
                0x0000398e      0x174 FreeRTOS/timers.o
 .text.prvCheckForValidListAndQueue
                0x00003b02       0x68 FreeRTOS/timers.o
 .text.xTimerPendFunctionCallFromISR
                0x00003b6a       0x76 FreeRTOS/timers.o
                0x00003b6a                xTimerPendFunctionCallFromISR
 .text.vInitClock
                0x00003be0       0xbc init.o
                0x00003be0                vInitClock
 .text.vApplicationIdleHook
                0x00003c9c       0x10 main.o
                0x00003c9c                vApplicationIdleHook
 .text.main     0x00003cac       0xfa main.o
                0x00003cac                main
 .text.__vector_108
                0x00003da6       0x94 NHD0420Driver.o
                0x00003da6                __vector_108
 .text.delayUS  0x00003e3a      0x112 NHD0420Driver.o
                0x00003e3a                delayUS
 .text.setPort  0x00003f4c       0x4e NHD0420Driver.o
                0x00003f4c                setPort
 .text.setRS    0x00003f9a       0x32 NHD0420Driver.o
                0x00003f9a                setRS
 .text.setRW    0x00003fcc       0x32 NHD0420Driver.o
                0x00003fcc                setRW
 .text.setE     0x00003ffe       0x32 NHD0420Driver.o
                0x00003ffe                setE
 .text.Nybble   0x00004030       0x28 NHD0420Driver.o
                0x00004030                Nybble
 .text.command  0x00004058       0x3c NHD0420Driver.o
                0x00004058                command
 .text.write    0x00004094       0x3c NHD0420Driver.o
                0x00004094                write
 .text.vInitDisplay
                0x000040d0       0xbe NHD0420Driver.o
                0x000040d0                vInitDisplay
 .text._displaySetPos
                0x0000418e       0x78 NHD0420Driver.o
                0x0000418e                _displaySetPos
 .text._displayWriteChar
                0x00004206       0x28 NHD0420Driver.o
                0x00004206                _displayWriteChar
 .text._displayWriteString
                0x0000422e       0x62 NHD0420Driver.o
                0x0000422e                _displayWriteString
 .text._displayWriteStringAtPos
                0x00004290       0x3c NHD0420Driver.o
                0x00004290                _displayWriteStringAtPos
 .text.vDisplayUpdateTask
                0x000042cc      0x29a NHD0420Driver.o
                0x000042cc                vDisplayUpdateTask
 .text.vDisplayClear
                0x00004566       0x24 NHD0420Driver.o
                0x00004566                vDisplayClear
 .text.vDisplayWriteStringAtPos
                0x0000458a       0x34 NHD0420Driver.o
                0x0000458a                vDisplayWriteStringAtPos
 .text.display_vprintf
                0x000045be      0x4c4 NHD0420Driver.o
 .text.normalize
                0x00004a82       0xda NHD0420Driver.o
 .text.ftoa_fixed
                0x00004b5c      0x29e NHD0420Driver.o
 .text.ftoa_sci
                0x00004dfa      0x242 NHD0420Driver.o
 .text.vProtocolHandlerTask
                0x0000503c      0x214 protocolhandler.o
                0x0000503c                vProtocolHandlerTask
 .text.getResetReason
                0x00005250       0xa6 utils.o
                0x00005250                getResetReason
 .text.avr-libc.fplib
                0x000052f6        0xe c:/program files (x86)/atmel/studio/7.0/toolchain/avr8/avr8-gnu-toolchain/bin/../lib/gcc/avr/5.4.0/../../../../avr/lib/avrxmega6\libm.a(addsf3.o)
                0x000052f6                __subsf3
                0x000052f8                __addsf3
 .text.avr-libc.fplib
                0x00005304       0xcc c:/program files (x86)/atmel/studio/7.0/toolchain/avr8/avr8-gnu-toolchain/bin/../lib/gcc/avr/5.4.0/../../../../avr/lib/avrxmega6\libm.a(addsf3x.o)
                0x00005326                __addsf3x
 .text.avr-libc.fplib
                0x000053d0        0xa c:/program files (x86)/atmel/studio/7.0/toolchain/avr8/avr8-gnu-toolchain/bin/../lib/gcc/avr/5.4.0/../../../../avr/lib/avrxmega6\libm.a(cmpsf2.o)
                0x000053d0                __nesf2
                0x000053d0                __eqsf2
                0x000053d0                __cmpsf2
                0x000053d0                __ltsf2
                0x000053d0                __lesf2
 .text.avr-libc.fplib
                0x000053da        0x8 c:/program files (x86)/atmel/studio/7.0/toolchain/avr8/avr8-gnu-toolchain/bin/../lib/gcc/avr/5.4.0/../../../../avr/lib/avrxmega6\libm.a(divsf3.o)
                0x000053da                __divsf3
 .text.avr-libc.fplib
                0x000053e2       0xdc c:/program files (x86)/atmel/studio/7.0/toolchain/avr8/avr8-gnu-toolchain/bin/../lib/gcc/avr/5.4.0/../../../../avr/lib/avrxmega6\libm.a(divsf3x.o)
                0x00005402                __divsf3x
                0x00005408                __divsf3_pse
 .text.avr-libc.fplib
                0x000054be        0xe c:/program files (x86)/atmel/studio/7.0/toolchain/avr8/avr8-gnu-toolchain/bin/../lib/gcc/avr/5.4.0/../../../../avr/lib/avrxmega6\libm.a(fixsfsi.o)
                0x000054be                __fixsfsi
 .text.avr-libc.fplib
                0x000054cc       0x5e c:/program files (x86)/atmel/studio/7.0/toolchain/avr8/avr8-gnu-toolchain/bin/../lib/gcc/avr/5.4.0/../../../../avr/lib/avrxmega6\libm.a(fixunssfsi.o)
                0x000054cc                __fixunssfsi
 .text.avr-libc.fplib
                0x0000552a       0x7a c:/program files (x86)/atmel/studio/7.0/toolchain/avr8/avr8-gnu-toolchain/bin/../lib/gcc/avr/5.4.0/../../../../avr/lib/avrxmega6\libm.a(floatsisf.o)
                0x0000552a                __floatunsisf
                0x0000552e                __floatsisf
 .text.avr-libc.fplib
                0x000055a4       0x48 c:/program files (x86)/atmel/studio/7.0/toolchain/avr8/avr8-gnu-toolchain/bin/../lib/gcc/avr/5.4.0/../../../../avr/lib/avrxmega6\libm.a(fp_cmp.o)
                0x000055a4                __fp_cmp
 .text.avr-libc.fplib
                0x000055ec        0xc c:/program files (x86)/atmel/studio/7.0/toolchain/avr8/avr8-gnu-toolchain/bin/../lib/gcc/avr/5.4.0/../../../../avr/lib/avrxmega6\libm.a(fp_inf.o)
                0x000055ec                __fp_inf
 .text.avr-libc.fplib
                0x000055f8        0x6 c:/program files (x86)/atmel/studio/7.0/toolchain/avr8/avr8-gnu-toolchain/bin/../lib/gcc/avr/5.4.0/../../../../avr/lib/avrxmega6\libm.a(fp_nan.o)
                0x000055f8                __fp_nan
 .text.avr-libc.fplib
                0x000055fe        0xe c:/program files (x86)/atmel/studio/7.0/toolchain/avr8/avr8-gnu-toolchain/bin/../lib/gcc/avr/5.4.0/../../../../avr/lib/avrxmega6\libm.a(fp_pscA.o)
                0x000055fe                __fp_pscA
 .text.avr-libc.fplib
                0x0000560c        0xe c:/program files (x86)/atmel/studio/7.0/toolchain/avr8/avr8-gnu-toolchain/bin/../lib/gcc/avr/5.4.0/../../../../avr/lib/avrxmega6\libm.a(fp_pscB.o)
                0x0000560c                __fp_pscB
 .text.avr-libc.fplib
                0x0000561a       0x22 c:/program files (x86)/atmel/studio/7.0/toolchain/avr8/avr8-gnu-toolchain/bin/../lib/gcc/avr/5.4.0/../../../../avr/lib/avrxmega6\libm.a(fp_round.o)
                0x0000561a                __fp_round
 .text.avr-libc.fplib
                0x0000563c       0x44 c:/program files (x86)/atmel/studio/7.0/toolchain/avr8/avr8-gnu-toolchain/bin/../lib/gcc/avr/5.4.0/../../../../avr/lib/avrxmega6\libm.a(fp_split3.o)
                0x0000563c                __fp_split3
                0x0000564c                __fp_splitA
 .text.avr-libc.fplib
                0x00005680        0xe c:/program files (x86)/atmel/studio/7.0/toolchain/avr8/avr8-gnu-toolchain/bin/../lib/gcc/avr/5.4.0/../../../../avr/lib/avrxmega6\libm.a(fp_zero.o)
                0x00005680                __fp_zero
                0x00005682                __fp_szero
 .text.avr-libc.fplib
                0x0000568e        0xa c:/program files (x86)/atmel/studio/7.0/toolchain/avr8/avr8-gnu-toolchain/bin/../lib/gcc/avr/5.4.0/../../../../avr/lib/avrxmega6\libm.a(gesf2.o)
                0x0000568e                __gesf2
                0x0000568e                __gtsf2
 .text.avr-libc.fplib
                0x00005698        0x8 c:/program files (x86)/atmel/studio/7.0/toolchain/avr8/avr8-gnu-toolchain/bin/../lib/gcc/avr/5.4.0/../../../../avr/lib/avrxmega6\libm.a(mulsf3.o)
                0x00005698                __mulsf3
 .text.avr-libc.fplib
                0x000056a0       0xd2 c:/program files (x86)/atmel/studio/7.0/toolchain/avr8/avr8-gnu-toolchain/bin/../lib/gcc/avr/5.4.0/../../../../avr/lib/avrxmega6\libm.a(mulsf3x.o)
                0x000056be                __mulsf3x
                0x000056c4                __mulsf3_pse
 .text.libgcc   0x00005772       0x10 c:/program files (x86)/atmel/studio/7.0/toolchain/avr8/avr8-gnu-toolchain/bin/../lib/gcc/avr/5.4.0/avrxmega6\libgcc.a(_tablejump2.o)
                0x00005772                __tablejump2__
 .text.avr-libc
                0x00005782       0x12 c:/program files (x86)/atmel/studio/7.0/toolchain/avr8/avr8-gnu-toolchain/bin/../lib/gcc/avr/5.4.0/../../../../avr/lib/avrxmega6\libc.a(memcpy.o)
                0x00005782                memcpy
 .text.avr-libc
                0x00005794        0xe c:/program files (x86)/atmel/studio/7.0/toolchain/avr8/avr8-gnu-toolchain/bin/../lib/gcc/avr/5.4.0/../../../../avr/lib/avrxmega6\libc.a(memset.o)
                0x00005794                memset
 .text.avr-libc
                0x000057a2       0x12 c:/program files (x86)/atmel/studio/7.0/toolchain/avr8/avr8-gnu-toolchain/bin/../lib/gcc/avr/5.4.0/../../../../avr/lib/avrxmega6\libc.a(strlen.o)
                0x000057a2                strlen
 .text.avr-libc
                0x000057b4       0x16 c:/program files (x86)/atmel/studio/7.0/toolchain/avr8/avr8-gnu-toolchain/bin/../lib/gcc/avr/5.4.0/../../../../avr/lib/avrxmega6\libc.a(itoa.o)
                0x000057b4                __itoa
                0x000057b4                itoa
 .text.avr-libc
                0x000057ca       0x16 c:/program files (x86)/atmel/studio/7.0/toolchain/avr8/avr8-gnu-toolchain/bin/../lib/gcc/avr/5.4.0/../../../../avr/lib/avrxmega6\libc.a(itoa_ncheck.o)
                0x000057ca                __itoa_ncheck
 .text.avr-libc
                0x000057e0       0x34 c:/program files (x86)/atmel/studio/7.0/toolchain/avr8/avr8-gnu-toolchain/bin/../lib/gcc/avr/5.4.0/../../../../avr/lib/avrxmega6\libc.a(utoa_ncheck.o)
                0x000057e0                __utoa_ncheck
                0x000057e2                __utoa_common
 .text.avr-libc
                0x00005814       0x20 c:/program files (x86)/atmel/studio/7.0/toolchain/avr8/avr8-gnu-toolchain/bin/../lib/gcc/avr/5.4.0/../../../../avr/lib/avrxmega6\libc.a(strrev.o)
                0x00005814                strrev
                0x00005834                . = ALIGN (0x2)
 *(.fini9)
 .fini9         0x00005834        0x0 c:/program files (x86)/atmel/studio/7.0/toolchain/avr8/avr8-gnu-toolchain/bin/../lib/gcc/avr/5.4.0/avrxmega6\libgcc.a(_exit.o)
                0x00005834                _exit
                0x00005834                exit
 *(.fini9)
 *(.fini8)
 *(.fini8)
 *(.fini7)
 *(.fini7)
 *(.fini6)
 *(.fini6)
 *(.fini5)
 *(.fini5)
 *(.fini4)
 *(.fini4)
 *(.fini3)
 *(.fini3)
 *(.fini2)
 *(.fini2)
 *(.fini1)
 *(.fini1)
 *(.fini0)
 .fini0         0x00005834        0x4 c:/program files (x86)/atmel/studio/7.0/toolchain/avr8/avr8-gnu-toolchain/bin/../lib/gcc/avr/5.4.0/avrxmega6\libgcc.a(_exit.o)
 *(.fini0)
                0x00005838                _etext = .

.data           0x00802000       0x66 load address 0x00005838
                0x00802000                PROVIDE (__data_start, .)
 *(.data)
 *(.data*)
 *(.gnu.linkonce.d*)
 *(.rodata)
 .rodata        0x00802000        0x5 FreeRTOS/tasks.o
 .rodata        0x00802005        0x8 FreeRTOS/timers.o
 .rodata        0x0080200d       0x4a main.o
 .rodata        0x00802057        0xb NHD0420Driver.o
 *(.rodata*)
 .rodata.width.5062
                0x00802062        0x2 NHD0420Driver.o
 .rodata.width.5079
                0x00802064        0x2 NHD0420Driver.o
 *(.gnu.linkonce.r*)
                0x00802066                . = ALIGN (0x2)
                0x00802066                _edata = .
                0x00802066                PROVIDE (__data_end, .)

.bss            0x00802066      0xcc1
                0x00802066                PROVIDE (__bss_start, .)
 *(.bss)
 *(.bss*)
 .bss.xHeap     0x00802066      0xbb8 FreeRTOS/heap_1.o
 .bss.xNextFreeByte
                0x00802c1e        0x2 FreeRTOS/heap_1.o
 .bss.pxCurrentTCB
                0x00802c20        0x2 FreeRTOS/tasks.o
                0x00802c20                pxCurrentTCB
 .bss.pxReadyTasksLists
                0x00802c22       0x2c FreeRTOS/tasks.o
 .bss.xDelayedTaskList1
                0x00802c4e        0xb FreeRTOS/tasks.o
 .bss.xDelayedTaskList2
                0x00802c59        0xb FreeRTOS/tasks.o
 .bss.pxDelayedTaskList
                0x00802c64        0x2 FreeRTOS/tasks.o
 .bss.pxOverflowDelayedTaskList
                0x00802c66        0x2 FreeRTOS/tasks.o
 .bss.xPendingReadyList
                0x00802c68        0xb FreeRTOS/tasks.o
 .bss.xSuspendedTaskList
                0x00802c73        0xb FreeRTOS/tasks.o
 .bss.uxCurrentNumberOfTasks
                0x00802c7e        0x1 FreeRTOS/tasks.o
 .bss.xTickCount
                0x00802c7f        0x4 FreeRTOS/tasks.o
 .bss.uxTopReadyPriority
                0x00802c83        0x1 FreeRTOS/tasks.o
 .bss.xSchedulerRunning
                0x00802c84        0x1 FreeRTOS/tasks.o
 .bss.uxPendedTicks
                0x00802c85        0x1 FreeRTOS/tasks.o
 .bss.xYieldPending
                0x00802c86        0x1 FreeRTOS/tasks.o
 .bss.xNumOfOverflows
                0x00802c87        0x1 FreeRTOS/tasks.o
 .bss.uxTaskNumber
                0x00802c88        0x1 FreeRTOS/tasks.o
 .bss.xNextTaskUnblockTime
                0x00802c89        0x4 FreeRTOS/tasks.o
 .bss.xIdleTaskHandle
                0x00802c8d        0x2 FreeRTOS/tasks.o
 .bss.uxSchedulerSuspended
                0x00802c8f        0x1 FreeRTOS/tasks.o
 .bss.xActiveTimerList1
                0x00802c90        0xb FreeRTOS/timers.o
 .bss.xActiveTimerList2
                0x00802c9b        0xb FreeRTOS/timers.o
 .bss.pxCurrentTimerList
                0x00802ca6        0x2 FreeRTOS/timers.o
 .bss.pxOverflowTimerList
                0x00802ca8        0x2 FreeRTOS/timers.o
 .bss.xTimerQueue
                0x00802caa        0x2 FreeRTOS/timers.o
 .bss.xTimerTaskHandle
                0x00802cac        0x2 FreeRTOS/timers.o
 .bss.xLastTime.4745
                0x00802cae        0x4 FreeRTOS/timers.o
 .bss.buffer.4995
                0x00802cb2       0x14 NHD0420Driver.o
 .bss.str.4996  0x00802cc6       0x14 NHD0420Driver.o
 .bss.ucglobalProtocolBuffer_A
                0x00802cda       0x20 protocolhandler.o
                0x00802cda                ucglobalProtocolBuffer_A
 .bss.ucglobalProtocolBuffer_B
                0x00802cfa       0x20 protocolhandler.o
                0x00802cfa                ucglobalProtocolBuffer_B
 *(COMMON)
 COMMON         0x00802d1a        0x1 FreeRTOS/port.o
                0x00802d1a                intTaskSwitchPending
 COMMON         0x00802d1b        0x4 NHD0420Driver.o
                0x00802d1b                displayLineQueue
                0x00802d1d                egDisplayTiming
 COMMON         0x00802d1f        0x8 protocolhandler.o
                0x00802d1f                xProtocolBufferStatus
                0x00802d21                xStatus
                0x00802d23                xALDPQueue
                0x00802d25                xSettings
                0x00802d27                PROVIDE (__bss_end, .)
                0x00005838                __data_load_start = LOADADDR (.data)
                0x0000589e                __data_load_end = (__data_load_start + SIZEOF (.data))

.noinit         0x00802d27        0x0
                [!provide]                PROVIDE (__noinit_start, .)
 *(.noinit*)
                [!provide]                PROVIDE (__noinit_end, .)
                0x00802d27                _end = .
                0x00802d27                PROVIDE (__heap_start, .)

.eeprom         0x00810000        0x0
 *(.eeprom*)
                0x00810000                __eeprom_end = .

.fuse
 *(.fuse)
 *(.lfuse)
 *(.hfuse)
 *(.efuse)

.lock
 *(.lock*)

.signature
 *(.signature*)

.user_signatures
 *(.user_signatures*)

.stab
 *(.stab)

.stabstr
 *(.stabstr)

.stab.excl
 *(.stab.excl)

.stab.exclstr
 *(.stab.exclstr)

.stab.index
 *(.stab.index)

.stab.indexstr
 *(.stab.indexstr)

.comment        0x00000000       0x30
 *(.comment)
 .comment       0x00000000       0x30 driver/clksys_driver.o
                                 0x31 (size before relaxing)
 .comment       0x00000030       0x31 driver/TC_driver.o
 .comment       0x00000030       0x31 errorHandler.o
 .comment       0x00000030       0x31 FreeRTOS/event_groups.o
 .comment       0x00000030       0x31 FreeRTOS/heap_1.o
 .comment       0x00000030       0x31 FreeRTOS/list.o
 .comment       0x00000030       0x31 FreeRTOS/port.o
 .comment       0x00000030       0x31 FreeRTOS/queue.o
 .comment       0x00000030       0x31 FreeRTOS/tasks.o
 .comment       0x00000030       0x31 FreeRTOS/timers.o
 .comment       0x00000030       0x31 init.o
 .comment       0x00000030       0x31 main.o
 .comment       0x00000030       0x31 mem_check.o
 .comment       0x00000030       0x31 NHD0420Driver.o
 .comment       0x00000030       0x31 protocolhandler.o
 .comment       0x00000030       0x31 utils.o

.note.gnu.avr.deviceinfo
                0x00000000       0x40
 .note.gnu.avr.deviceinfo
                0x00000000       0x40 C:/Program Files (x86)/Atmel/Studio/7.0/Packs/Atmel/XMEGAA_DFP/1.1.68/gcc/dev/atxmega128a3u/avrxmega6/crtatxmega128a3u.o

.note.gnu.build-id
 *(.note.gnu.build-id)

.debug
 *(.debug)

.line
 *(.line)

.debug_srcinfo
 *(.debug_srcinfo)

.debug_sfnames
 *(.debug_sfnames)

.debug_aranges  0x00000000      0x7e0
 *(.debug_aranges)
 .debug_aranges
                0x00000000       0x68 driver/clksys_driver.o
 .debug_aranges
                0x00000068       0xc8 driver/TC_driver.o
 .debug_aranges
                0x00000130       0x40 errorHandler.o
 .debug_aranges
                0x00000170       0x88 FreeRTOS/event_groups.o
 .debug_aranges
                0x000001f8       0x38 FreeRTOS/heap_1.o
 .debug_aranges
                0x00000230       0x40 FreeRTOS/list.o
 .debug_aranges
                0x00000270       0x60 FreeRTOS/port.o
 .debug_aranges
                0x000002d0      0x108 FreeRTOS/queue.o
 .debug_aranges
                0x000003d8      0x1b0 FreeRTOS/tasks.o
 .debug_aranges
                0x00000588       0xd8 FreeRTOS/timers.o
 .debug_aranges
                0x00000660       0x20 init.o
 .debug_aranges
                0x00000680       0x28 main.o
 .debug_aranges
                0x000006a8       0x28 mem_check.o
 .debug_aranges
                0x000006d0       0xd0 NHD0420Driver.o
 .debug_aranges
                0x000007a0       0x20 protocolhandler.o
 .debug_aranges
                0x000007c0       0x20 utils.o

.debug_pubnames
 *(.debug_pubnames)

.debug_info     0x00000000     0xb232
 *(.debug_info .gnu.linkonce.wi.*)
 .debug_info    0x00000000     0x3409 C:/Program Files (x86)/Atmel/Studio/7.0/Packs/Atmel/XMEGAA_DFP/1.1.68/gcc/dev/atxmega128a3u/avrxmega6/crtatxmega128a3u.o
 .debug_info    0x00003409      0x5f8 driver/clksys_driver.o
 .debug_info    0x00003a01     0x12d7 driver/TC_driver.o
 .debug_info    0x00004cd8      0x1cb errorHandler.o
 .debug_info    0x00004ea3      0x8b2 FreeRTOS/event_groups.o
 .debug_info    0x00005755      0x170 FreeRTOS/heap_1.o
 .debug_info    0x000058c5      0x2b9 FreeRTOS/list.o
 .debug_info    0x00005b7e      0x9f3 FreeRTOS/port.o
 .debug_info    0x00006571      0xfc5 FreeRTOS/queue.o
 .debug_info    0x00007536     0x1774 FreeRTOS/tasks.o
 .debug_info    0x00008caa      0xbb7 FreeRTOS/timers.o
 .debug_info    0x00009861      0x247 init.o
 .debug_info    0x00009aa8      0x10a main.o
 .debug_info    0x00009bb2       0xd6 mem_check.o
 .debug_info    0x00009c88     0x1074 NHD0420Driver.o
 .debug_info    0x0000acfc      0x419 protocolhandler.o
 .debug_info    0x0000b115      0x11d utils.o

.debug_abbrev   0x00000000     0x46ec
 *(.debug_abbrev)
 .debug_abbrev  0x00000000     0x3148 C:/Program Files (x86)/Atmel/Studio/7.0/Packs/Atmel/XMEGAA_DFP/1.1.68/gcc/dev/atxmega128a3u/avrxmega6/crtatxmega128a3u.o
 .debug_abbrev  0x00003148      0x15c driver/clksys_driver.o
 .debug_abbrev  0x000032a4      0x15d driver/TC_driver.o
 .debug_abbrev  0x00003401      0x11a errorHandler.o
 .debug_abbrev  0x0000351b      0x188 FreeRTOS/event_groups.o
 .debug_abbrev  0x000036a3      0x10d FreeRTOS/heap_1.o
 .debug_abbrev  0x000037b0       0xca FreeRTOS/list.o
 .debug_abbrev  0x0000387a      0x1fa FreeRTOS/port.o
 .debug_abbrev  0x00003a74      0x20d FreeRTOS/queue.o
 .debug_abbrev  0x00003c81      0x270 FreeRTOS/tasks.o
 .debug_abbrev  0x00003ef1      0x1d1 FreeRTOS/timers.o
 .debug_abbrev  0x000040c2       0xa0 init.o
 .debug_abbrev  0x00004162       0xb1 main.o
 .debug_abbrev  0x00004213       0x9b mem_check.o
 .debug_abbrev  0x000042ae      0x268 NHD0420Driver.o
 .debug_abbrev  0x00004516      0x125 protocolhandler.o
 .debug_abbrev  0x0000463b       0xb1 utils.o

.debug_line     0x00000000     0x792a
 *(.debug_line .debug_line.* .debug_line_end)
 .debug_line    0x00000000      0x39d C:/Program Files (x86)/Atmel/Studio/7.0/Packs/Atmel/XMEGAA_DFP/1.1.68/gcc/dev/atxmega128a3u/avrxmega6/crtatxmega128a3u.o
 .debug_line    0x0000039d      0x476 driver/clksys_driver.o
 .debug_line    0x00000813      0x546 driver/TC_driver.o
 .debug_line    0x00000d59      0x461 errorHandler.o
 .debug_line    0x000011ba      0x7dc FreeRTOS/event_groups.o
 .debug_line    0x00001996      0x3f8 FreeRTOS/heap_1.o
 .debug_line    0x00001d8e      0x487 FreeRTOS/list.o
 .debug_line    0x00002215      0x747 FreeRTOS/port.o
 .debug_line    0x0000295c      0xff1 FreeRTOS/queue.o
 .debug_line    0x0000394d     0x1738 FreeRTOS/tasks.o
 .debug_line    0x00005085      0x963 FreeRTOS/timers.o
 .debug_line    0x000059e8      0x328 init.o
 .debug_line    0x00005d10      0x494 main.o
 .debug_line    0x000061a4      0x29c mem_check.o
 .debug_line    0x00006440      0xd2f NHD0420Driver.o
 .debug_line    0x0000716f      0x4ba protocolhandler.o
 .debug_line    0x00007629      0x301 utils.o

.debug_frame    0x00000000     0x1e2c
 *(.debug_frame)
 .debug_frame   0x00000000      0x15c driver/clksys_driver.o
 .debug_frame   0x0000015c      0x2d4 driver/TC_driver.o
 .debug_frame   0x00000430       0xb4 errorHandler.o
 .debug_frame   0x000004e4      0x234 FreeRTOS/event_groups.o
 .debug_frame   0x00000718       0x94 FreeRTOS/heap_1.o
 .debug_frame   0x000007ac       0xb4 FreeRTOS/list.o
 .debug_frame   0x00000860      0x124 FreeRTOS/port.o
 .debug_frame   0x00000984      0x3f4 FreeRTOS/queue.o
 .debug_frame   0x00000d78      0x788 FreeRTOS/tasks.o
 .debug_frame   0x00001500      0x438 FreeRTOS/timers.o
 .debug_frame   0x00001938       0x34 init.o
 .debug_frame   0x0000196c       0x64 main.o
 .debug_frame   0x000019d0       0x44 mem_check.o
 .debug_frame   0x00001a14      0x394 NHD0420Driver.o
 .debug_frame   0x00001da8       0x50 protocolhandler.o
 .debug_frame   0x00001df8       0x34 utils.o

.debug_str      0x00000000    0x29ce6
 *(.debug_str)
 .debug_str     0x00000000     0x223b C:/Program Files (x86)/Atmel/Studio/7.0/Packs/Atmel/XMEGAA_DFP/1.1.68/gcc/dev/atxmega128a3u/avrxmega6/crtatxmega128a3u.o
 .debug_str     0x0000223b    0x1d003 driver/clksys_driver.o
                              0x1d54c (size before relaxing)
 .debug_str     0x0001f23e     0x1198 driver/TC_driver.o
                              0x1dfa7 (size before relaxing)
 .debug_str     0x000203d6     0x5dd2 errorHandler.o
                              0x22c70 (size before relaxing)
 .debug_str     0x000261a8      0x52c FreeRTOS/event_groups.o
                              0x226c9 (size before relaxing)
 .debug_str     0x000266d4       0x9a FreeRTOS/heap_1.o
                              0x219bf (size before relaxing)
 .debug_str     0x0002676e       0xa0 FreeRTOS/list.o
                              0x2147d (size before relaxing)
 .debug_str     0x0002680e      0x75f FreeRTOS/port.o
                              0x22e95 (size before relaxing)
 .debug_str     0x00026f6d      0xdd9 FreeRTOS/queue.o
                              0x2305c (size before relaxing)
 .debug_str     0x00027d46     0x11e0 FreeRTOS/tasks.o
                              0x2392c (size before relaxing)
 .debug_str     0x00028f26      0x519 FreeRTOS/timers.o
                              0x22e8d (size before relaxing)
 .debug_str     0x0002943f       0x20 init.o
                              0x1d22e (size before relaxing)
 .debug_str     0x0002945f      0x109 main.o
                              0x239d7 (size before relaxing)
 .debug_str     0x00029568       0x53 mem_check.o
                              0x19c05 (size before relaxing)
 .debug_str     0x000295bb      0x3df NHD0420Driver.o
                              0x239a0 (size before relaxing)
 .debug_str     0x0002999a      0x324 protocolhandler.o
                              0x22dd4 (size before relaxing)
 .debug_str     0x00029cbe       0x28 utils.o
                              0x1ceca (size before relaxing)

.debug_loc      0x00000000     0x3fd0
 *(.debug_loc)
 .debug_loc     0x00000000      0x2c3 driver/clksys_driver.o
 .debug_loc     0x000002c3      0x630 driver/TC_driver.o
 .debug_loc     0x000008f3      0x14e errorHandler.o
 .debug_loc     0x00000a41      0x4c4 FreeRTOS/event_groups.o
 .debug_loc     0x00000f05      0x106 FreeRTOS/heap_1.o
 .debug_loc     0x0000100b      0x167 FreeRTOS/list.o
 .debug_loc     0x00001172      0x1ea FreeRTOS/port.o
 .debug_loc     0x0000135c      0x89f FreeRTOS/queue.o
 .debug_loc     0x00001bfb     0x10ac FreeRTOS/tasks.o
 .debug_loc     0x00002ca7      0x964 FreeRTOS/timers.o
 .debug_loc     0x0000360b       0x3b init.o
 .debug_loc     0x00003646       0xaa main.o
 .debug_loc     0x000036f0       0x48 mem_check.o
 .debug_loc     0x00003738      0x7c7 NHD0420Driver.o
 .debug_loc     0x00003eff       0x89 protocolhandler.o
 .debug_loc     0x00003f88       0x48 utils.o

.debug_macinfo
 *(.debug_macinfo)

.debug_weaknames
 *(.debug_weaknames)

.debug_funcnames
 *(.debug_funcnames)

.debug_typenames
 *(.debug_typenames)

.debug_varnames
 *(.debug_varnames)

.debug_pubtypes
 *(.debug_pubtypes)

.debug_ranges   0x00000000      0x6f8
 *(.debug_ranges)
 .debug_ranges  0x00000000       0x58 driver/clksys_driver.o
 .debug_ranges  0x00000058       0xb8 driver/TC_driver.o
 .debug_ranges  0x00000110       0x30 errorHandler.o
 .debug_ranges  0x00000140       0x78 FreeRTOS/event_groups.o
 .debug_ranges  0x000001b8       0x28 FreeRTOS/heap_1.o
 .debug_ranges  0x000001e0       0x30 FreeRTOS/list.o
 .debug_ranges  0x00000210       0x50 FreeRTOS/port.o
 .debug_ranges  0x00000260       0xf8 FreeRTOS/queue.o
 .debug_ranges  0x00000358      0x1a0 FreeRTOS/tasks.o
 .debug_ranges  0x000004f8       0xc8 FreeRTOS/timers.o
 .debug_ranges  0x000005c0       0x10 init.o
 .debug_ranges  0x000005d0       0x18 main.o
 .debug_ranges  0x000005e8       0x18 mem_check.o
 .debug_ranges  0x00000600       0xd8 NHD0420Driver.o
 .debug_ranges  0x000006d8       0x10 protocolhandler.o
 .debug_ranges  0x000006e8       0x10 utils.o

.debug_macro    0x00000000     0xa4e1
 *(.debug_macro)
 .debug_macro   0x00000000      0x100 driver/clksys_driver.o
 .debug_macro   0x00000100      0xa8a driver/clksys_driver.o
 .debug_macro   0x00000b8a      0x1c9 driver/clksys_driver.o
 .debug_macro   0x00000d53       0x22 driver/clksys_driver.o
 .debug_macro   0x00000d75       0x1c driver/clksys_driver.o
 .debug_macro   0x00000d91      0x10e driver/clksys_driver.o
 .debug_macro   0x00000e9f       0x66 driver/clksys_driver.o
 .debug_macro   0x00000f05       0x10 driver/clksys_driver.o
 .debug_macro   0x00000f15       0x10 driver/clksys_driver.o
 .debug_macro   0x00000f25      0x302 driver/clksys_driver.o
 .debug_macro   0x00001227       0x9e driver/clksys_driver.o
 .debug_macro   0x000012c5     0x62da driver/clksys_driver.o
 .debug_macro   0x0000759f       0x9a driver/clksys_driver.o
 .debug_macro   0x00007639       0xf1 driver/clksys_driver.o
 .debug_macro   0x0000772a       0x34 driver/clksys_driver.o
 .debug_macro   0x0000775e       0x16 driver/clksys_driver.o
 .debug_macro   0x00007774       0x18 driver/clksys_driver.o
 .debug_macro   0x0000778c       0x5e driver/clksys_driver.o
 .debug_macro   0x000077ea       0x3c driver/clksys_driver.o
 .debug_macro   0x00007826       0x69 driver/clksys_driver.o
 .debug_macro   0x0000788f       0x10 driver/clksys_driver.o
 .debug_macro   0x0000789f       0x12 driver/clksys_driver.o
 .debug_macro   0x000078b1      0x175 driver/clksys_driver.o
 .debug_macro   0x00007a26       0x35 driver/clksys_driver.o
 .debug_macro   0x00007a5b       0x1c driver/clksys_driver.o
 .debug_macro   0x00007a77       0xfa driver/TC_driver.o
 .debug_macro   0x00007b71       0xcf driver/TC_driver.o
 .debug_macro   0x00007c40      0x1ac errorHandler.o
 .debug_macro   0x00007dec       0x86 errorHandler.o
 .debug_macro   0x00007e72       0xe2 errorHandler.o
 .debug_macro   0x00007f54      0x15a errorHandler.o
 .debug_macro   0x000080ae       0x5b errorHandler.o
 .debug_macro   0x00008109      0x118 errorHandler.o
 .debug_macro   0x00008221       0x10 errorHandler.o
 .debug_macro   0x00008231       0x1f errorHandler.o
 .debug_macro   0x00008250      0x4da errorHandler.o
 .debug_macro   0x0000872a       0xb5 errorHandler.o
 .debug_macro   0x000087df       0x8c errorHandler.o
 .debug_macro   0x0000886b       0x86 errorHandler.o
 .debug_macro   0x000088f1       0x91 errorHandler.o
 .debug_macro   0x00008982       0x10 errorHandler.o
 .debug_macro   0x00008992       0x7c errorHandler.o
 .debug_macro   0x00008a0e      0x1bf FreeRTOS/event_groups.o
 .debug_macro   0x00008bcd      0x17f FreeRTOS/heap_1.o
 .debug_macro   0x00008d4c      0x164 FreeRTOS/list.o
 .debug_macro   0x00008eb0      0x1a0 FreeRTOS/port.o
 .debug_macro   0x00009050       0x22 FreeRTOS/port.o
 .debug_macro   0x00009072       0x28 FreeRTOS/port.o
 .debug_macro   0x0000909a       0x6e FreeRTOS/port.o
 .debug_macro   0x00009108      0x11e FreeRTOS/port.o
 .debug_macro   0x00009226      0x1ea FreeRTOS/queue.o
 .debug_macro   0x00009410       0x16 FreeRTOS/queue.o
 .debug_macro   0x00009426       0x20 FreeRTOS/queue.o
 .debug_macro   0x00009446      0x24c FreeRTOS/tasks.o
 .debug_macro   0x00009692      0x1a7 FreeRTOS/timers.o
 .debug_macro   0x00009839      0x10a init.o
 .debug_macro   0x00009943      0x1fb main.o
 .debug_macro   0x00009b3e       0x16 main.o
 .debug_macro   0x00009b54       0xa1 mem_check.o
 .debug_macro   0x00009bf5      0x2fc mem_check.o
 .debug_macro   0x00009ef1      0x1d8 NHD0420Driver.o
 .debug_macro   0x0000a0c9       0x58 NHD0420Driver.o
 .debug_macro   0x0000a121       0x97 NHD0420Driver.o
 .debug_macro   0x0000a1b8      0x22e protocolhandler.o
 .debug_macro   0x0000a3e6       0xfb utils.o
OUTPUT(QAMDecFS2019.elf elf32-avr)
LOAD linker stubs
